java.util.concurrent.RejectedExecutionException: Task com.sun.javafx.tk.quantum.PaintRenderJob@313608c4 rejected from com.sun.javafx.tk.quantum.QuantumRenderer@54c470b9[Terminated, pool size = 0, active threads = 0, queued tasks = 0, completed tasks = 10720]
	at java.util.concurrent.ThreadPoolExecutor$AbortPolicy.rejectedExecution(ThreadPoolExecutor.java:2063)
	at java.util.concurrent.ThreadPoolExecutor.reject(ThreadPoolExecutor.java:830)
	at java.util.concurrent.ThreadPoolExecutor.execute(ThreadPoolExecutor.java:1379)
	at java.util.concurrent.AbstractExecutorService.submit(AbstractExecutorService.java:112)
	at com.sun.javafx.tk.quantum.QuantumRenderer.submitRenderJob(QuantumRenderer.java:218)
	at com.sun.javafx.tk.quantum.QuantumToolkit.addRenderJob(QuantumToolkit.java:452)
	at com.sun.javafx.tk.quantum.ViewScene.repaint(ViewScene.java:140)
	at com.sun.javafx.tk.quantum.PaintCollector.renderAll(PaintCollector.java:435)
	at com.sun.javafx.tk.quantum.QuantumToolkit.pulse(QuantumToolkit.java:519)
	at com.sun.javafx.tk.quantum.QuantumToolkit.pulse(QuantumToolkit.java:498)
	at com.sun.javafx.tk.quantum.QuantumToolkit.pulseFromQueue(QuantumToolkit.java:491)
	at com.sun.javafx.tk.quantum.QuantumToolkit.lambda$runToolkit$403(QuantumToolkit.java:319)
	at com.sun.glass.ui.InvokeLaterDispatcher$Future.run$$$capture(InvokeLaterDispatcher.java:95)
	at com.sun.glass.ui.InvokeLaterDispatcher$Future.run(InvokeLaterDispatcher.java)
	at com.sun.glass.ui.win.WinApplication._runLoop(Native Method)
	at com.sun.glass.ui.win.WinApplication.lambda$null$147(WinApplication.java:177)
	at java.lang.Thread.run(Thread.java:748)



Exception in thread "JavaFX Application Thread" java.lang.StackOverflowError
	at javafx.scene.Node.containsBounds(Node.java:3886)
	at javafx.scene.Node.contains(Node.java:3862)
	at javafx.scene.Node.contains(Node.java:3916)
	at model.map.lights.VisibilityCalculator.isInTeamView(VisibilityCalculator.java:198)
	at model.map.lights.VisibilityCalculator.isInTeamView(VisibilityCalculator.java:192)
	at model.ai.EnemyChooser.aiTeamVisibleEnemies(EnemyChooser.java:32)
	at model.ai.EnemyChooser.calcEnemyProbabilityMap(EnemyChooser.java:22)